"kdb+tick 2.8 2014.03.12"
